[PASS] D0a: T(x)=x+11 distills through the real loop -- route=fresh-synthesis name=acquired.acq_distilled_dlt_f267_b298b73d1a5f
[PASS] D0b: distilled T held-out 2/2 -- 2/2
[PASS] D0c: T promoted name recorded -- name=acquired.acq_distilled_dlt_f267_b298b73d1a5f
[PASS] D1a: controller honors the frozen microcontroller interface v1 -- microcontroller-interface/v1 loop=generalization
[PASS] D1b: baseline envelope seeded from the published envelope -- holds=4 breaks=3
[PASS] D1c: distilled T resolvable for the contrast -- regs=['acquired.cap_7a6488b1249bdb6add1e', 'acquired.acq_distilled_dlt_f267_b298b73d1a5f']
[PASS] D2a: candidate pool clean of forbidden T -- pool=252
[PASS] D2b: static lambda bank clean of forbidden T -- lams=1085
[PASS] D2c: BOOL predicate lambdas clean of forbidden T -- bool_lams=34
[PASS] D2d: dynamic pair-lambdas clean of forbidden T -- pair_lams=27
[PASS] D2e: forbidden-T search honestly finds no plan -- found=False exhausted=True eval=20000
[PASS] D2f: per-compose cache reset (no cross-run leakage) -- found=False
[PASS] P1a: filter-fusion task crosses via the compose leg -- outcome=crossed mech=compose
[PASS] P1b: held-out 4/4 -- held=4/4
[PASS] P1c: reason names Q8 auth and a clean causal contrast -- composed ['zip', 'coalesce', 'map', 'sum', 'greater_than', 'filter', 'acquired.acq_distilled_dlt_f267_b298b73d1a5f', 'map'] in 7717 evaluations; Q8 authenticate
[PASS] P1d: envelope expansion recorded for the filter-fusion crossing -- records=1
[PASS] P1e: the composed plan incorporates the distilled T -- composed_of=['zip', 'coalesce', 'map', 'sum', 'greater_than', 'filter', 'acquired.acq_distilled_dlt_f267_b298b73d1a5f', 'map']
[PASS] P1f: plan shows binary intermediate feeding filter -- composed_of=['zip', 'coalesce', 'map', 'sum', 'greater_than', 'filter', 'acquired.acq_distilled_dlt_f267_b298b73d1a5f', 'map']
[PASS] P1g: microcontroller stack retired cleanly -- root=mc-f6ce8
[PASS] P1h: executive saw only Generalization active/idle -- views=['active', 'active', 'active', 'idle']
[PASS] P1i: crossing admitted a capability id -- cap=cap_7bf587f02bf86b18ca88
[PASS] B1a: plain filter fusion crosses (binary intermediate feeds filter) -- found=True composed_of=['zip', 'coalesce', 'map', 'sum', 'greater_or_equal', 'filter']
[PASS] B1b: Q8 authenticates the filter-fusion plan on train+held-out -- no bound training-output constants in plan; train re-verification: 4/4 match; held-out generalization: 4/4 match
FRESH_HELDOUT=4/4 ENV=2


[PASS] F1a: fresh OS process executes admitted P1 plan 4/4 held-out -- rc=0
[PASS] F1b: envelope records readable from a fresh process -- FRESH_HELDOUT=4/4 ENV=2

============================================================
GEN-SYNTH-3: 25/25 passed
ALL GREEN
