[PASS] D0a: add-seven distills through the real loop -- route=fresh-synthesis name=acquired.acq_distilled_dlt_c7bc_095a98f4f7e7
[PASS] D0b: distilled technique held-out 2/2 -- 2/2
[PASS] D1a: controller honors the frozen microcontroller interface v1 -- microcontroller-interface/v1 loop=generalization
[PASS] D1b: baseline envelope seeded from the published envelope -- holds=4 breaks=3
[PASS] D1c: both source registrations resolvable for the contrast -- regs=['acquired.cap_bd05a8586fa5691c5163', 'acquired.acq_distilled_dlt_c7bc_095a98f4f7e7']
[PASS] D2a: forbidden registrations absent from the candidate pool -- leaked=[]
[PASS] D2b: forbidden primitives absent from every banked lambda -- bank_entries=972 leaked=[]
[PASS] D2c: the bank is non-empty (the repair did not gut it) -- entries=972
[PASS] C1: without the source technique the search exhausts honestly -- found=False exhausted=True evaluated=20000
[PASS] P1a: transfer crosses via the compose leg -- outcome=crossed mech=compose
[PASS] P1b: held-out 4/4 -- held=4/4
[PASS] P1c: reason names Q8 auth and a clean causal contrast -- composed ['zip', 'coalesce', 'map', 'acquired.acq_distilled_dlt_c7bc_095a98f4f7e7', 'map'] in 2237 evaluations; Q8 authenticated; causal contrast clean; admitte
[PASS] P1d: envelope expansion recorded for the transfer -- records=1
[PASS] P1e: the composed plan incorporates the distilled technique -- composed_of=['zip', 'coalesce', 'map', 'acquired.acq_distilled_dlt_c7bc_095a98f4f7e7', 'map']
[PASS] P1f: microcontroller stack retired cleanly -- root=mc-399a4
[PASS] P1g: executive saw only Generalization active/idle -- views=['active', 'active', 'active', 'active', 'active', 'idle']
[PASS] P1h: crossing admitted a capability id -- cap=cap_729a67f8d05ed4822326
[PASS] P1x-a: the admission registered the transfer as a searchable primitive -- new=['acquired.cap_729a67f8d05ed4822326']
[PASS] P1x-b: post-admission the contrast objective is solvable via the admitted transfer capability -- found=True via_transfer=['acquired.cap_729a67f8d05ed4822326']
[PASS] B1a: binary combination in the collection domain marks a bound -- outcome=bound_marked mech=compose
[PASS] B1b: the bound names the honest obstruction -- composer honestly found no plan
[PASS] B1c: nothing admitted on the bound path -- cap=None
[PASS] A1a: re-probe does not claim a second crossing -- outcome=bound_marked mech=compose
[PASS] A1b: the refusal names the causal contrast -- causal contrast failed
[PASS] A1c: no duplicate capability admitted on the re-probe -- cap=None
[PASS] F1a: fresh OS process executes the admitted transfer 4/4 held-out -- held4=[True, True, True, True]
[PASS] F1b: envelope records readable from a fresh process -- env=3

27/27 checks passed
GEN-XDOM-1 proof battery GREEN
