[PASS] target cert generated -- 199dcd1fd0961bb2
[PASS] pair: device enrolled
[PASS] user registered
[PASS] target reuses pinned cert -- 199dcd1fd0961bb2
[PASS] target listener up
[PASS] session pending -- sess_622e53a6
[PASS] user consent granted (target-side only)
[PASS] connect: session bound
[PASS] indicator on when live (server-verified)
[PASS] move executed -- [{'x': 400, 'y': 300}]
[PASS] scroll executed -- [{'x': 400, 'y': 300}]
[PASS] chromium launched via remote dispatch -- [{'pid': 16050}]
[PASS] page loaded in chromium -- file:///tmp/rd1page.html
    window=(60,60,900,700) input=(200,200,608,66) -> click=(564,349)
[PASS] move+click batch executed -- [{'x': 564, 'y': 349}, {'x': 564, 'y': 349}]
[PASS] click focused the real input -- t
[PASS] type executed -- [{'typed_chars': 14}]
[PASS] page received the exact typed string -- 'hello remor 42'
[PASS] indicator off after kill (server-verified)
[PASS] action after user kill refused -- target refused: session killed: action refused
[PASS] connect to killed session refused -- handshake failed: handshake refused: {'reason': 'hello refused: sessio
[PASS] event chain verifies -- bad=rd_events chain intact

RD1 main proof: 21/21 checks green
EXIT=0
